2026-06-30 12:33:27 [right meow!] info: Server running on port 3000
2026-06-30 12:33:39 [right meow!] info: Server running on port 3000
2026-06-30 12:33:47 [right meow!] info: Server running on port 3000
2026-06-30 12:39:57 [right meow!] info: Server running on port 3000
2026-06-30 13:59:51 [right meow!] info: Server running on port 3000
2026-06-30 14:54:08 [right meow!] info: Registering new user
2026-06-30 14:54:08 [right meow!] info: ========================== Full request body: ==========================
2026-06-30 14:54:08 [right meow!] info: {
  "account": {
    "email": "mudasir@example.com",
    "password": "123456"
  },
  "profile": {
    "firstName": "admin",
    "lastName": "123",
    "displayName": "admin"
  }
}
2026-06-30 14:54:08 [right meow!] info: ========================== Full request body: ==========================
2026-06-30 15:04:52 [right meow!] info: Registering new user
2026-06-30 15:04:52 [right meow!] info: ========================== Full request body: ==========================
2026-06-30 15:04:52 [right meow!] info: {
  "account": {
    "email": "mudasir@example.com",
    "password": "123456"
  },
  "profile": {
    "firstName": "admin",
    "lastName": "123",
    "displayName": "admin"
  }
}
2026-06-30 15:04:52 [right meow!] info: ========================== Full request body: ==========================
2026-06-30 15:09:55 [right meow!] info: Registering new user
2026-06-30 15:09:55 [right meow!] info: ========================== Full request body: ==========================
2026-06-30 15:09:55 [right meow!] info: {
  "account": {
    "email": "admin@gmail.com",
    "password": "Mail@20262026"
  },
  "profile": {
    "firstName": "admin",
    "lastName": "123",
    "displayName": "admin"
  }
}
2026-06-30 15:09:55 [right meow!] info: ========================== Full request body: ==========================
2026-06-30 15:15:46 [right meow!] info: Server running on port 3000
2026-06-30 15:16:26 [right meow!] info: Server running on port 3000
2026-06-30 15:16:46 [right meow!] info: Server running on port 3000
2026-06-30 15:17:14 [right meow!] info: Server running on port 3000
2026-06-30 15:17:37 [right meow!] info: Server running on port 3000
2026-06-30 15:19:16 [right meow!] info: Server running on port 3000
2026-06-30 15:20:15 [right meow!] info: Server running on port 3000
2026-06-30 15:20:33 [right meow!] info: Server running on port 3000
2026-06-30 15:22:08 [right meow!] info: Server running on port 3000
2026-06-30 15:22:45 [right meow!] info: Server running on port 3000
2026-06-30 15:24:38 [right meow!] info: Server running on port 3000
2026-06-30 15:24:43 [right meow!] info: Server running on port 3000
2026-06-30 15:28:45 [right meow!] info: Server running on port 3000
2026-06-30 15:30:45 [right meow!] info: Server running on port 3000
2026-06-30 15:46:58 [right meow!] info: Server running on port 3000
2026-06-30 15:47:07 [right meow!] info: Server running on port 3000
2026-06-30 15:47:19 [right meow!] info: Server running on port 3000
2026-06-30 15:47:58 [right meow!] info: Server running on port 3000
2026-06-30 15:53:07 [right meow!] info: Server running on port 3000
2026-06-30 16:33:30 [right meow!] info: Server running on port 3000
2026-06-30 16:37:35 [right meow!] info: Server running on port 3000
2026-06-30 16:37:39 [right meow!] info: Server running on port 3000
2026-06-30 16:38:42 [right meow!] info: Server running on port 3000
2026-06-30 16:38:53 [right meow!] info: Server running on port 3000
2026-06-30 16:39:10 [right meow!] info: Server running on port 3000
2026-06-30 16:59:35 [right meow!] info: Server running on port 3000
2026-06-30 16:59:39 [right meow!] info: Server running on port 3000
2026-06-30 17:01:54 [right meow!] info: Server running on port 3000
2026-06-30 17:03:03 [right meow!] info: Server running on port 3000
2026-06-30 17:03:16 [right meow!] info: Server running on port 3000
2026-06-30 17:03:27 [right meow!] info: Server running on port 3000
2026-06-30 17:03:34 [right meow!] info: Server running on port 3000
2026-06-30 17:03:40 [right meow!] info: Server running on port 3000
2026-06-30 17:03:47 [right meow!] info: Server running on port 3000
2026-06-30 17:03:53 [right meow!] info: Server running on port 3000
2026-06-30 17:04:00 [right meow!] info: Server running on port 3000
2026-06-30 17:04:06 [right meow!] info: Server running on port 3000
2026-06-30 17:07:41 [right meow!] info: Server running on port 3000
2026-06-30 17:08:33 [right meow!] info: Server running on port 3000
2026-06-30 17:35:22 [right meow!] info: Server running on port 3000
2026-07-01 09:07:52 [right meow!] info: Server running on port 3000
2026-07-01 10:09:19 [right meow!] info: Server running on port 3000
2026-07-01 10:09:42 [right meow!] info: Server running on port 3000
2026-07-01 10:09:58 [right meow!] info: Server running on port 3000
2026-07-01 10:13:59 [right meow!] info: Server running on port 3000
2026-07-01 10:20:12 [right meow!] info: Registering new user
2026-07-01 10:20:12 [right meow!] info: ========================== Full request body: ==========================
2026-07-01 10:20:12 [right meow!] info: {
  "account": {
    "email": "admin@gmail.com",
    "password": "Mail@20262026"
  },
  "profile": {
    "firstName": "admin",
    "lastName": "123",
    "displayName": "admin"
  }
}
2026-07-01 10:20:12 [right meow!] info: ========================== Full request body: ==========================
2026-07-01 10:22:17 [right meow!] info: Server running on port 3000
2026-07-01 10:22:33 [right meow!] info: Server running on port 3000
2026-07-01 10:22:38 [right meow!] info: Registering new user
2026-07-01 10:22:38 [right meow!] info: ========================== Full request body: ==========================
2026-07-01 10:22:38 [right meow!] info: {
  "account": {
    "email": "admin@gmail.com",
    "password": "Mail@20262026"
  },
  "profile": {
    "firstName": "admin",
    "lastName": "123",
    "displayName": "admin"
  }
}
2026-07-01 10:22:38 [right meow!] info: ========================== Full request body: ==========================
2026-07-01 10:23:09 [right meow!] info: Registering new user
2026-07-01 10:23:09 [right meow!] info: ========================== Full request body: ==========================
2026-07-01 10:23:09 [right meow!] info: {
  "account": {
    "email": "admin@gmail.com",
    "password": "Mail@20262026"
  },
  "profile": {
    "firstName": "admin",
    "lastName": "123",
    "displayName": "admin"
  }
}
2026-07-01 10:23:09 [right meow!] info: ========================== Full request body: ==========================
2026-07-01 10:23:34 [right meow!] info: Registering new user
2026-07-01 10:23:34 [right meow!] info: ========================== Full request body: ==========================
2026-07-01 10:23:34 [right meow!] info: {
  "account": {
    "email": "admin@gmail.com",
    "password": "Mail@20262026"
  },
  "profile": {
    "firstName": "admin",
    "lastName": "123",
    "displayName": "admin"
  }
}
2026-07-01 10:23:34 [right meow!] info: ========================== Full request body: ==========================
2026-07-01 10:24:04 [right meow!] info: Registering new user
2026-07-01 10:24:04 [right meow!] info: ========================== Full request body: ==========================
2026-07-01 10:24:04 [right meow!] info: {
  "account": {
    "email": "admin@gmail.com",
    "password": "Mail@20262026"
  },
  "profile": {
    "firstName": "admin",
    "lastName": "123",
    "displayName": "admin"
  }
}
2026-07-01 10:24:04 [right meow!] info: ========================== Full request body: ==========================
2026-07-01 10:24:32 [right meow!] info: Registering new user
2026-07-01 10:24:32 [right meow!] info: ========================== Full request body: ==========================
2026-07-01 10:24:32 [right meow!] info: {
  "account": {
    "email": "admin@gmail.com",
    "password": "Mail@20262026"
  },
  "profile": {
    "firstName": "admin",
    "lastName": "123",
    "displayName": "admin"
  }
}
2026-07-01 10:24:32 [right meow!] info: ========================== Full request body: ==========================
2026-07-01 10:25:01 [right meow!] info: Registering new user
2026-07-01 10:25:01 [right meow!] info: ========================== Full request body: ==========================
2026-07-01 10:25:01 [right meow!] info: {
  "account": {
    "email": "admin@gmail.com",
    "password": "Mail@20262026"
  },
  "profile": {
    "firstName": "admin",
    "lastName": "123",
    "displayName": "admin"
  }
}
2026-07-01 10:25:01 [right meow!] info: ========================== Full request body: ==========================
2026-07-01 10:28:42 [right meow!] info: Server running on port 3000
2026-07-01 10:45:41 [right meow!] info: Server running on port 3000
2026-07-01 10:51:19 [right meow!] info: Server running on port 3000
2026-07-01 10:51:41 [right meow!] info: Server running on port 3000
2026-07-01 10:53:39 [right meow!] info: Registering new user
2026-07-01 10:53:39 [right meow!] info: ========================== Full request body: ==========================
2026-07-01 10:53:39 [right meow!] info: {
  "account": {
    "email": "admin@gmail.com",
    "password": "Mail@20262026"
  },
  "profile": {
    "firstName": "admin",
    "lastName": "123",
    "displayName": "admin"
  }
}
2026-07-01 10:53:39 [right meow!] info: ========================== Full request body: ==========================
2026-07-01 10:55:48 [right meow!] info: Registering new user
2026-07-01 10:55:48 [right meow!] info: ========================== Full request body: ==========================
2026-07-01 10:55:48 [right meow!] info: {
  "account": {
    "email": "admin@gmail.com",
    "password": "Mail@20262026"
  },
  "profile": {
    "firstName": "admin",
    "lastName": "123",
    "displayName": "admin"
  }
}
2026-07-01 10:55:48 [right meow!] info: ========================== Full request body: ==========================
2026-07-01 10:58:13 [right meow!] info: Registering new user
2026-07-01 10:58:13 [right meow!] info: ========================== Full request body: ==========================
2026-07-01 10:58:13 [right meow!] info: {
  "account": {
    "email": "admin@gmail.com",
    "password": "Mail@20262026"
  },
  "profile": {
    "firstName": "admin",
    "lastName": "123",
    "displayName": "admin"
  }
}
2026-07-01 10:58:13 [right meow!] info: ========================== Full request body: ==========================
2026-07-01 10:59:34 [right meow!] info: Registering new user
2026-07-01 10:59:34 [right meow!] info: ========================== Full request body: ==========================
2026-07-01 10:59:34 [right meow!] info: {
  "account": {
    "email": "admin@gmail.com",
    "password": "Mail@20262026"
  },
  "profile": {
    "firstName": "admin",
    "lastName": "123",
    "displayName": "admin"
  }
}
2026-07-01 10:59:34 [right meow!] info: ========================== Full request body: ==========================
2026-07-01 11:07:36 [right meow!] info: Server running on port 3000
2026-07-01 11:07:48 [right meow!] info: Server running on port 3000
2026-07-01 11:27:00 [right meow!] info: Server running on port 3000
2026-07-01 11:29:12 [right meow!] info: Server running on port 3000
2026-07-01 11:30:01 [right meow!] info: Server running on port 3000
2026-07-01 11:31:15 [right meow!] info: Server running on port 3000
2026-07-01 11:31:26 [right meow!] info: Server running on port 3000
2026-07-01 11:31:44 [right meow!] info: Server running on port 3000
2026-07-01 11:31:56 [right meow!] info: Server running on port 3000
2026-07-01 11:33:00 [right meow!] info: Server running on port 3000
2026-07-01 11:33:14 [right meow!] info: Server running on port 3000
2026-07-01 11:33:52 [right meow!] info: Server running on port 3000
2026-07-01 11:34:06 [right meow!] info: Server running on port 3000
2026-07-01 11:34:13 [right meow!] info: Server running on port 3000
2026-07-01 11:34:24 [right meow!] info: Server running on port 3000
2026-07-01 11:34:34 [right meow!] info: Server running on port 3000
2026-07-01 11:35:14 [right meow!] info: Server running on port 3000
2026-07-01 11:43:23 [right meow!] info: Server running on port 3000
2026-07-01 11:44:09 [right meow!] info: Server running on port 3000
2026-07-01 11:44:28 [right meow!] info: Server running on port 3000
2026-07-01 11:44:37 [right meow!] info: Server running on port 3000
2026-07-01 11:44:56 [right meow!] info: Server running on port 3000
2026-07-01 12:48:39 [right meow!] info: Server running on port 3000
2026-07-01 12:49:46 [right meow!] info: Server running on port 3000
2026-07-01 14:33:15 [right meow!] info: Server running on port 3000
2026-07-01 14:34:43 [right meow!] info: Server running on port 3000
2026-07-01 14:34:52 [right meow!] info: Server running on port 3000
2026-07-01 14:35:03 [right meow!] info: Server running on port 3000
2026-07-01 14:35:29 [right meow!] info: Server running on port 3000
2026-07-01 14:47:16 [right meow!] info: Server running on port 3000
2026-07-01 14:47:22 [right meow!] info: Server running on port 3000
2026-07-01 14:47:34 [right meow!] info: Server running on port 3000
2026-07-01 14:47:50 [right meow!] info: Server running on port 3000
2026-07-01 14:48:15 [right meow!] info: Server running on port 3000
2026-07-01 14:48:20 [right meow!] info: Server running on port 3000
2026-07-01 14:48:28 [right meow!] info: Server running on port 3000
2026-07-01 15:35:10 [right meow!] info: Server running on port 3000
2026-07-01 15:40:52 [right meow!] info: Server running on port 3000
2026-07-01 15:40:58 [right meow!] info: Server running on port 3000
2026-07-01 15:41:40 [right meow!] info: Server running on port 3000
2026-07-01 15:41:55 [right meow!] info: Server running on port 3000
2026-07-01 15:43:27 [right meow!] info: Server running on port 3000
2026-07-01 15:44:05 [right meow!] info: Server running on port 3000
2026-07-01 15:44:30 [right meow!] info: Server running on port 3000
2026-07-01 15:44:58 [right meow!] info: Server running on port 3000
2026-07-01 15:45:03 [right meow!] info: Server running on port 3000
2026-07-01 15:46:16 [right meow!] info: Server running on port 3000
2026-07-01 15:59:42 [right meow!] info: Server running on port 3000
2026-07-18 19:39:56 [right meow!] info: Server running on port 3000
2026-07-18 20:27:33 [right meow!] info: Server running on port 3000
2026-07-18 20:36:38 [right meow!] info: Server running on port 3000
2026-07-18 20:48:16 [right meow!] info: Server running on port 3000
2026-07-18 20:48:24 [right meow!] info: Server running on port 3000
2026-07-18 20:48:43 [right meow!] info: Server running on port 3000
2026-07-18 20:48:51 [right meow!] info: Server running on port 3000
2026-07-18 20:49:01 [right meow!] info: Server running on port 3000
2026-07-18 20:49:09 [right meow!] info: Server running on port 3000
2026-07-18 20:49:15 [right meow!] info: Server running on port 3000
2026-07-18 20:49:23 [right meow!] info: Server running on port 3000
2026-07-18 20:49:30 [right meow!] info: Server running on port 3000
2026-07-18 21:01:42 [right meow!] info: Server running on port 3000
2026-07-18 21:05:40 [right meow!] info: Server running on port 3000
2026-07-18 21:06:24 [right meow!] info: Server running on port 3000
2026-07-18 21:07:37 [right meow!] info: Server running on port 3000
2026-07-18 21:08:17 [right meow!] info: Server running on port 3000
2026-07-18 21:08:58 [right meow!] info: Server running on port 3000
2026-07-19 17:59:21 [right meow!] info: Server running on port 3000
2026-07-19 17:59:27 [right meow!] info: Server running on port 3000
2026-07-19 18:30:29 [right meow!] info: Server running on port 3000
2026-07-19 18:30:38 [right meow!] info: Server running on port 3000
2026-07-19 18:30:51 [right meow!] info: Server running on port 3000
2026-07-19 18:30:55 [right meow!] info: Server running on port 3000
2026-07-19 18:31:11 [right meow!] info: Server running on port 3000
2026-07-19 18:31:27 [right meow!] info: Server running on port 3000
2026-07-19 19:14:21 [right meow!] info: Server running on port 3000
2026-08-28 11:31:08 [right meow!] info: Server running on port 3000
